// Jest Snapshot v1, https://goo.gl/fbAQLP

exports[`Card snapshot match test 1`] = `
<View
  onLayout={[Function]}
  style={
    Array [
      Object {
        "flex": 1,
      },
      Object {
        "paddingBottom": 0,
      },
    ]
  }
>
  <RCTScrollView>
    <View>
      <View
        style={
          Object {
            "margin": 20,
          }
        }
      >
        <View
          style={Object {}}
        >
          <Text
            style={
              Object {
                "fontSize": 16,
                "marginVertical": 8,
              }
            }
          >
            Name
          </Text>
          <TextInput
            allowFontScaling={true}
            rejectResponderTermination={true}
            style={
              Object {
                "borderBottomColor": "#ccc",
                "borderBottomWidth": 1,
                "borderColor": "black",
                "borderWidth": 1,
                "paddingHorizontal": 2,
                "paddingVertical": 5,
              }
            }
            title="Change Name"
            underlineColorAndroid="transparent"
          />
        </View>
        <View
          style={Object {}}
        >
          <Text
            style={
              Object {
                "fontSize": 16,
                "marginVertical": 8,
              }
            }
          >
            Email
          </Text>
          <TextInput
            allowFontScaling={true}
            rejectResponderTermination={true}
            style={
              Object {
                "borderBottomColor": "#ccc",
                "borderBottomWidth": 1,
                "borderColor": "black",
                "borderWidth": 1,
                "paddingHorizontal": 2,
                "paddingVertical": 5,
              }
            }
            title="Change Email"
            underlineColorAndroid="transparent"
          />
        </View>
        <View
          style={Object {}}
        >
          <Text
            style={
              Object {
                "fontSize": 16,
                "marginVertical": 8,
              }
            }
          >
            Password
          </Text>
          <TextInput
            allowFontScaling={true}
            rejectResponderTermination={true}
            style={
              Object {
                "borderBottomColor": "#ccc",
                "borderBottomWidth": 1,
                "borderColor": "black",
                "borderWidth": 1,
                "paddingHorizontal": 2,
                "paddingVertical": 5,
              }
            }
            title="Change Password"
            underlineColorAndroid="transparent"
          />
        </View>
        <View
          style={Object {}}
        >
          <View
            accessibilityRole="button"
            accessibilityStates={Array []}
            accessible={true}
            clickable={true}
            isTVSelectable={true}
            onClick={[Function]}
            onResponderGrant={[Function]}
            onResponderMove={[Function]}
            onResponderRelease={[Function]}
            onResponderTerminate={[Function]}
            onResponderTerminationRequest={[Function]}
            onStartShouldSetResponder={[Function]}
            style={
              Object {
                "opacity": 1,
              }
            }
          >
            <View
              style={
                Array [
                  Object {},
                ]
              }
            >
              <Text
                style={
                  Array [
                    Object {
                      "color": "#007AFF",
                      "fontSize": 18,
                      "padding": 8,
                      "textAlign": "center",
                    },
                  ]
                }
              >
                Save
              </Text>
            </View>
          </View>
        </View>
      </View>
    </View>
  </RCTScrollView>
</View>
`;
